// Jest Snapshot v1, https://goo.gl/fbAQLP

exports[`App test Suite Should match snapshot 1`] = `
<Provider
  store={
    Object {
      "dispatch": [Function],
      "getState": [Function],
      "replaceReducer": [Function],
      "subscribe": [Function],
      Symbol(observable): [Function],
    }
  }
>
  <BrowserRouter>
    <div
      className="App"
    >
      <Navbar />
      <Route
        component={[Function]}
        exact={true}
        path="/"
      />
      <Route
        component={[Function]}
        exact={true}
        path="/login"
      />
      <Route
        component={[Function]}
        exact={true}
        path="/signup"
      />
      <Route
        component={[Function]}
        path="/user/ResetPassword"
      />
      <Route
        component={[Function]}
        path="/user/Resetlink"
      />
      <Route
        component={[Function]}
        exact={true}
        path="/articles"
      />
      <Route
        component={[Function]}
        exact={true}
        path="/articles/:art_slug"
      />
      <Route
        component={[Function]}
        path="/tags/:tag"
      />
      <Route
        component={[Function]}
        exact={true}
        path="/articles/:art_slug/edit"
      />
      <Route
        component={[Function]}
        path="/profile"
      />
      <Route
        component={[Function]}
        path="/bookmarks"
      />
      <Route
        component={[Function]}
        exact={true}
        path="/articles/:art_slug/comments"
      />
      <Footer />
    </div>
  </BrowserRouter>
</Provider>
`;
