// Jest Snapshot v1, https://goo.gl/fbAQLP

exports[`App test Suite Should match snapshot 1`] = `
<div
  className="App"
>
  <header
    className="App-header"
  >
    <img
      alt="logo"
      className="App-logo"
      src="logo.svg"
    />
    <p>
      Edit 
      <code>
        src/App.js
      </code>
       and save to reload...
      <i
        className="mdi mdi-cursor-text mdi-24px"
      />
    </p>
    <h4>
      Powered by Sass 
      <span
        className="spinner"
      >
        <i
          className="fa fa-cog fa-spin fa-1x"
        />
      </span>
    </h4>
    <span
      className="success"
    >
      <a
        className="app-link"
        href="https://reactjs.org"
        rel="noopener noreferrer"
        target="_blank"
      >
        Learn React
      </a>
    </span>
  </header>
</div>
`;
